../Core/Src/main.c:106:1:__io_putchar	16	static
../Core/Src/main.c:118:6:ReadJoystickState	16	static
../Core/Src/main.c:144:6:TestShit	8	static
../Core/Src/main.c:170:5:main	24	static
../Core/Src/main.c:289:6:SystemClock_Config	88	static
../Core/Src/main.c:336:13:MX_ADC1_Init	24	static
../Core/Src/main.c:392:13:MX_SPI1_Init	8	static
../Core/Src/main.c:430:13:MX_TIM1_Init	96	static
../Core/Src/main.c:505:13:MX_USART1_UART_Init	8	static
../Core/Src/main.c:536:13:MX_DMA_Init	16	static
../Core/Src/main.c:554:13:MX_GPIO_Init	40	static
../Core/Src/main.c:583:13:RADIO1_Init	8	static
../Core/Src/main.c:599:13:SERVO1_Init	8	static
../Core/Src/main.c:614:6:HAL_ADC_ConvCpltCallback	16	static
../Core/Src/main.c:625:6:Error_Handler	4	static,ignoring_inline_asm
