../Core/Src/nRF24L01.c:17:6:_NRF24_CSN_Select	16	static
../Core/Src/nRF24L01.c:22:6:_NRF24_CSN_Unselect	16	static
../Core/Src/nRF24L01.c:27:6:_NRF24_CE_Enable	16	static
../Core/Src/nRF24L01.c:32:6:_NRF24_CE_Disable	16	static
../Core/Src/nRF24L01.c:37:6:_NRF24_WriteReg	16	static
../Core/Src/nRF24L01.c:52:6:_NRF24_WriteRegMultiByte	24	static
../Core/Src/nRF24L01.c:67:9:_NRF24_ReadReg	24	static
../Core/Src/nRF24L01.c:85:6:_NRF24_ReadRegMultiByte	24	static
../Core/Src/nRF24L01.c:101:6:_NRF24_SendCmd	16	static
../Core/Src/nRF24L01.c:106:6:_NRF24_Delay	24	static
../Core/Src/nRF24L01.c:113:6:_NRF24_InitAddresses	48	static
../Core/Src/nRF24L01.c:141:6:_NRF24_FirstWrite	16	static
../Core/Src/nRF24L01.c:147:6:_NRF24_ReadPayload	16	static
../Core/Src/nRF24L01.c:162:6:_NRF24_SetRegBit	24	static
../Core/Src/nRF24L01.c:174:6:_NRF24_ClearRegBit	24	static
../Core/Src/nRF24L01.c:188:6:NRF24_Init	16	static
../Core/Src/nRF24L01.c:242:6:NRF24_TXMode	24	static
../Core/Src/nRF24L01.c:275:6:NRF24_RXMode	24	static
../Core/Src/nRF24L01.c:324:9:NRF24_Transmit	32	static
../Core/Src/nRF24L01.c:376:12:NRF24_Receive	32	static
../Core/Src/nRF24L01.c:435:9:NRF24_Test	40	static
../Core/Src/nRF24L01.c:463:6:NRF24_SetPower	16	static
../Core/Src/nRF24L01.c:479:6:NRF24_SetChannel	16	static
../Core/Src/nRF24L01.c:488:6:NRF24_SetPipeStatus	16	static
../Core/Src/nRF24L01.c:497:6:NRF24_SetPA	16	static
../Core/Src/nRF24L01.c:519:6:NRF24_SetDataRate	24	static
../Core/Src/nRF24L01.c:549:6:NRF24_SetAddressWidth	24	static
../Core/Src/nRF24L01.c:572:6:NRF24_SetPayloadWidth	24	static
../Core/Src/nRF24L01.c:605:9:NRF24_GetAddressWidth	24	static
../Core/Src/nRF24L01.c:632:6:NRF24_SetRXAddr	32	static
../Core/Src/nRF24L01.c:667:6:NRF24_SetTXAddr	24	static
../Core/Src/nRF24L01.c:678:6:NRF24_SetAutoAck	24	static
../Core/Src/nRF24L01.c:725:6:NRF24_SetAutoAckAllPipes	24	static
../Core/Src/nRF24L01.c:737:6:NRF24_PrintDebugInfo	144	static
